###############################################################################
#
# IAR ELF Linker V7.80.3.12102/W32 for ARM                10/Aug/2017  12:49:53
# Copyright 2007-2016 IAR Systems AB.
#
#    Output file  =  
#        D:\m1899\Documents\项目与比赛\2017电子设计大赛\板球系统\控制程序\Prj\IAR\FN15_Debug\Exe\vcan_Kinetis.out
#    Map file     =  
#        D:\m1899\Documents\项目与比赛\2017电子设计大赛\板球系统\控制程序\Prj\IAR\FN15_Debug\List\vcan_Kinetis.map
#    Command line =  
#        D:\m1899\Documents\项目与比赛\2017电子设计大赛\板球系统\控制程序\Prj\IAR\FN15_Debug\Obj\check.o
#        D:\m1899\Documents\项目与比赛\2017电子设计大赛\板球系统\控制程序\Prj\IAR\FN15_Debug\Obj\control.o
#        D:\m1899\Documents\项目与比赛\2017电子设计大赛\板球系统\控制程序\Prj\IAR\FN15_Debug\Obj\data.o
#        D:\m1899\Documents\项目与比赛\2017电子设计大赛\板球系统\控制程序\Prj\IAR\FN15_Debug\Obj\diskio.o
#        D:\m1899\Documents\项目与比赛\2017电子设计大赛\板球系统\控制程序\Prj\IAR\FN15_Debug\Obj\ff.o
#        D:\m1899\Documents\项目与比赛\2017电子设计大赛\板球系统\控制程序\Prj\IAR\FN15_Debug\Obj\misc.o
#        D:\m1899\Documents\项目与比赛\2017电子设计大赛\板球系统\控制程序\Prj\IAR\FN15_Debug\Obj\MK60_adc.o
#        D:\m1899\Documents\项目与比赛\2017电子设计大赛\板球系统\控制程序\Prj\IAR\FN15_Debug\Obj\MK60_can.o
#        D:\m1899\Documents\项目与比赛\2017电子设计大赛\板球系统\控制程序\Prj\IAR\FN15_Debug\Obj\MK60_conf.o
#        D:\m1899\Documents\项目与比赛\2017电子设计大赛\板球系统\控制程序\Prj\IAR\FN15_Debug\Obj\MK60_dac.o
#        D:\m1899\Documents\项目与比赛\2017电子设计大赛\板球系统\控制程序\Prj\IAR\FN15_Debug\Obj\MK60_dma.o
#        D:\m1899\Documents\项目与比赛\2017电子设计大赛\板球系统\控制程序\Prj\IAR\FN15_Debug\Obj\MK60_DWT.o
#        D:\m1899\Documents\项目与比赛\2017电子设计大赛\板球系统\控制程序\Prj\IAR\FN15_Debug\Obj\MK60_flash.o
#        D:\m1899\Documents\项目与比赛\2017电子设计大赛\板球系统\控制程序\Prj\IAR\FN15_Debug\Obj\MK60_flexbus.o
#        D:\m1899\Documents\项目与比赛\2017电子设计大赛\板球系统\控制程序\Prj\IAR\FN15_Debug\Obj\MK60_ftm.o
#        D:\m1899\Documents\项目与比赛\2017电子设计大赛\板球系统\控制程序\Prj\IAR\FN15_Debug\Obj\MK60_gpio.o
#        D:\m1899\Documents\项目与比赛\2017电子设计大赛\板球系统\控制程序\Prj\IAR\FN15_Debug\Obj\MK60_i2c.o
#        D:\m1899\Documents\项目与比赛\2017电子设计大赛\板球系统\控制程序\Prj\IAR\FN15_Debug\Obj\MK60_it.o
#        D:\m1899\Documents\项目与比赛\2017电子设计大赛\板球系统\控制程序\Prj\IAR\FN15_Debug\Obj\MK60_lptmr.o
#        D:\m1899\Documents\项目与比赛\2017电子设计大赛\板球系统\控制程序\Prj\IAR\FN15_Debug\Obj\MK60_mcg.o
#        D:\m1899\Documents\项目与比赛\2017电子设计大赛\板球系统\控制程序\Prj\IAR\FN15_Debug\Obj\MK60_PIT.o
#        D:\m1899\Documents\项目与比赛\2017电子设计大赛\板球系统\控制程序\Prj\IAR\FN15_Debug\Obj\MK60_port.o
#        D:\m1899\Documents\项目与比赛\2017电子设计大赛\板球系统\控制程序\Prj\IAR\FN15_Debug\Obj\MK60_rtc.o
#        D:\m1899\Documents\项目与比赛\2017电子设计大赛\板球系统\控制程序\Prj\IAR\FN15_Debug\Obj\MK60_sdhc.o
#        D:\m1899\Documents\项目与比赛\2017电子设计大赛\板球系统\控制程序\Prj\IAR\FN15_Debug\Obj\MK60_spi.o
#        D:\m1899\Documents\项目与比赛\2017电子设计大赛\板球系统\控制程序\Prj\IAR\FN15_Debug\Obj\MK60_SysTick.o
#        D:\m1899\Documents\项目与比赛\2017电子设计大赛\板球系统\控制程序\Prj\IAR\FN15_Debug\Obj\MK60_uart.o
#        D:\m1899\Documents\项目与比赛\2017电子设计大赛\板球系统\控制程序\Prj\IAR\FN15_Debug\Obj\MK60_usb.o
#        D:\m1899\Documents\项目与比赛\2017电子设计大赛\板球系统\控制程序\Prj\IAR\FN15_Debug\Obj\MK60_wdog.o
#        D:\m1899\Documents\项目与比赛\2017电子设计大赛\板球系统\控制程序\Prj\IAR\FN15_Debug\Obj\OLED.o
#        D:\m1899\Documents\项目与比赛\2017电子设计大赛\板球系统\控制程序\Prj\IAR\FN15_Debug\Obj\peripheral.o
#        D:\m1899\Documents\项目与比赛\2017电子设计大赛\板球系统\控制程序\Prj\IAR\FN15_Debug\Obj\PositionControl.o
#        D:\m1899\Documents\项目与比赛\2017电子设计大赛\板球系统\控制程序\Prj\IAR\FN15_Debug\Obj\startup_MK60DZ10.o
#        D:\m1899\Documents\项目与比赛\2017电子设计大赛\板球系统\控制程序\Prj\IAR\FN15_Debug\Obj\system.o
#        D:\m1899\Documents\项目与比赛\2017电子设计大赛\板球系统\控制程序\Prj\IAR\FN15_Debug\Obj\system_MK60DZ10.o
#        D:\m1899\Documents\项目与比赛\2017电子设计大赛\板球系统\控制程序\Prj\IAR\FN15_Debug\Obj\USB.o
#        D:\m1899\Documents\项目与比赛\2017电子设计大赛\板球系统\控制程序\Prj\IAR\FN15_Debug\Obj\USB_CDC.o
#        D:\m1899\Documents\项目与比赛\2017电子设计大赛\板球系统\控制程序\Prj\IAR\FN15_Debug\Obj\VCAN_ASCII.o
#        D:\m1899\Documents\项目与比赛\2017电子设计大赛\板球系统\控制程序\Prj\IAR\FN15_Debug\Obj\VCAN_BMP.o
#        D:\m1899\Documents\项目与比赛\2017电子设计大赛\板球系统\控制程序\Prj\IAR\FN15_Debug\Obj\VCAN_camera.o
#        D:\m1899\Documents\项目与比赛\2017电子设计大赛\板球系统\控制程序\Prj\IAR\FN15_Debug\Obj\VCAN_computer.o
#        D:\m1899\Documents\项目与比赛\2017电子设计大赛\板球系统\控制程序\Prj\IAR\FN15_Debug\Obj\vcan_img2sd.o
#        D:\m1899\Documents\项目与比赛\2017电子设计大赛\板球系统\控制程序\Prj\IAR\FN15_Debug\Obj\VCAN_key.o
#        D:\m1899\Documents\项目与比赛\2017电子设计大赛\板球系统\控制程序\Prj\IAR\FN15_Debug\Obj\VCAN_key_event.o
#        D:\m1899\Documents\项目与比赛\2017电子设计大赛\板球系统\控制程序\Prj\IAR\FN15_Debug\Obj\VCAN_LCD.o
#        D:\m1899\Documents\项目与比赛\2017电子设计大赛\板球系统\控制程序\Prj\IAR\FN15_Debug\Obj\VCAN_LCD_CH.o
#        D:\m1899\Documents\项目与比赛\2017电子设计大赛\板球系统\控制程序\Prj\IAR\FN15_Debug\Obj\VCAN_LCD_ILI9325.o
#        D:\m1899\Documents\项目与比赛\2017电子设计大赛\板球系统\控制程序\Prj\IAR\FN15_Debug\Obj\VCAN_LCD_ILI9341.o
#        D:\m1899\Documents\项目与比赛\2017电子设计大赛\板球系统\控制程序\Prj\IAR\FN15_Debug\Obj\VCAN_LCD_ST7735R.o
#        D:\m1899\Documents\项目与比赛\2017电子设计大赛\板球系统\控制程序\Prj\IAR\FN15_Debug\Obj\VCAN_LCD_ST7735S.o
#        D:\m1899\Documents\项目与比赛\2017电子设计大赛\板球系统\控制程序\Prj\IAR\FN15_Debug\Obj\VCAN_LED.o
#        D:\m1899\Documents\项目与比赛\2017电子设计大赛\板球系统\控制程序\Prj\IAR\FN15_Debug\Obj\VCAN_MMA7455.o
#        D:\m1899\Documents\项目与比赛\2017电子设计大赛\板球系统\控制程序\Prj\IAR\FN15_Debug\Obj\VCAN_NRF24L0.o
#        D:\m1899\Documents\项目与比赛\2017电子设计大赛\板球系统\控制程序\Prj\IAR\FN15_Debug\Obj\VCAN_NRF24L0_MSG.o
#        D:\m1899\Documents\项目与比赛\2017电子设计大赛\板球系统\控制程序\Prj\IAR\FN15_Debug\Obj\VCAN_OV7725_Eagle.o
#        D:\m1899\Documents\项目与比赛\2017电子设计大赛\板球系统\控制程序\Prj\IAR\FN15_Debug\Obj\VCAN_OV7725_Wolf.o
#        D:\m1899\Documents\项目与比赛\2017电子设计大赛\板球系统\控制程序\Prj\IAR\FN15_Debug\Obj\VCAN_RTC_count.o
#        D:\m1899\Documents\项目与比赛\2017电子设计大赛\板球系统\控制程序\Prj\IAR\FN15_Debug\Obj\VCAN_SCCB.o
#        D:\m1899\Documents\项目与比赛\2017电子设计大赛\板球系统\控制程序\Prj\IAR\FN15_Debug\Obj\vcan_sd_app.o
#        D:\m1899\Documents\项目与比赛\2017电子设计大赛\板球系统\控制程序\Prj\IAR\FN15_Debug\Obj\Vcan_touch.o
#        D:\m1899\Documents\项目与比赛\2017电子设计大赛\板球系统\控制程序\Prj\IAR\FN15_Debug\Obj\VCAN_TSL1401.o
#        D:\m1899\Documents\项目与比赛\2017电子设计大赛\板球系统\控制程序\Prj\IAR\FN15_Debug\Obj\VCAN_UI_VAR.o
#        D:\m1899\Documents\项目与比赛\2017电子设计大赛\板球系统\控制程序\Prj\IAR\FN15_Debug\Obj\vectors.o
#        --redirect _Printf=_PrintfLargeNoMb --redirect _Scanf=_ScanfLargeNoMb
#        -o
#        D:\m1899\Documents\项目与比赛\2017电子设计大赛\板球系统\控制程序\Prj\IAR\FN15_Debug\Exe\vcan_Kinetis.out
#        --map
#        D:\m1899\Documents\项目与比赛\2017电子设计大赛\板球系统\控制程序\Prj\IAR\FN15_Debug\List\vcan_Kinetis.map
#        --config
#        "D:\m1899\Documents\项目与比赛\2017电子设计大赛\板球系统\控制程序\Prj\IAR\config
#        files\vcan_ROM_K60N1M.icf"
#        D:\m1899\Documents\项目与比赛\2017电子设计大赛\板球系统\控制程序\Prj\IAR\..\..\Lib\CMSIS\iar_cortexM4l_math.a
#        --entry __iar_program_start --redirect __write=__write_buffered --vfe
#
###############################################################################

*******************************************************************************
*** RUNTIME MODEL ATTRIBUTES
***

CppFlavor       = *
__SystemLibrary = DLib


*******************************************************************************
*** PLACEMENT SUMMARY
***

"A0":  place at 0x00000000 { ro section .intvec };
"A1":  place at 0x00000410 { ro section .noinit };
"P1":  place in [from 0x00000000 to 0x00100000] { ro, block CodeRelocate };
"P2":  place in [from 0x1fff0410 to 0x20010000] {
          rw, block CodeRelocateRam, block CSTACK, block HEAP };
initialize manually with packing = copy, complex ranges { rw };
initialize manually with packing = copy, complex ranges { section .data };
initialize manually with packing = copy, complex ranges { section .textrw };

  Section              Kind        Address    Size  Object
  -------              ----        -------    ----  ------
"A0":                                        0x410
  .intvec              const    0x00000000   0x410  vectors.o [1]
                              - 0x00000410   0x410

"A1":                                          0x8
  .noinit              ro code  0x00000410     0x8  startup_MK60DZ10.o [1]
                              - 0x00000418     0x8

"P1":                                       0x5b48
  .text                ro code  0x00000418   0xc1a  xprintflarge_nomb.o [3]
  .rodata              const    0x00001032     0x2  VCAN_camera.o [1]
  .text                ro code  0x00001034    0x16  strchr.o [5]
  .text                ro code  0x0000104c    0x36  strlen.o [5]
  .text                ro code  0x00001084    0x58  memchr.o [5]
  .text                ro code  0x000010dc    0xee  I64DivMod.o [5]
  .text                ro code  0x000011cc    0x76  ABImemcpy_unaligned.o [5]
  .text                ro code  0x00001242    0x44  xdnorm.o [4]
  .text                ro code  0x00001288    0x2e  DblCmpLe.o [4]
  .text                ro code  0x000012b8   0x1a2  DblMul.o [4]
  .text                ro code  0x0000145c   0x256  DblDiv.o [4]
  .text                ro code  0x000016b4    0x2c  DblToI32.o [4]
  .text                ro code  0x000016e0    0x1c  I32ToDbl.o [4]
  .text                ro code  0x000016fc   0x180  DblSub.o [4]
  .text                ro code  0x0000187c    0x6c  localeconv.o [3]
  .text                ro code  0x000018e8     0xe  div.o [3]
  .text                ro code  0x000018f8     0x2  I64DivZer.o [5]
  .text                ro code  0x000018fc    0xd4  DblAdd.o [4]
  .text                ro code  0x000019d0     0x2  xtls.o [3]
  .data_init                    0x000019d4   0x868  <Block>
    Initializer bytes  const    0x000019d4   0x868  <for .data-1>
  .rodata              const    0x0000223c   0x834  OLED.o [1]
  .rodata              const    0x00002a70   0x5f0  OLED.o [1]
  .text                ro code  0x00003060   0x4b4  OLED.o [1]
  .text                ro code  0x00003514   0x19c  MK60_gpio.o [1]
  .text                ro code  0x000036b0    0xb8  MK60_port.o [1]
  Veneer               ro code  0x00003768     0x8  - Linker created -
  Veneer               ro code  0x00003770     0x8  - Linker created -
  .text                ro code  0x00003778   0x144  MK60_conf.o [1]
  .text                ro code  0x000038bc    0xac  VCAN_LED.o [1]
  .text                ro code  0x00003968    0x24  printf.o [3]
  .text                ro code  0x0000398c    0x64  MK60_SysTick.o [1]
  .text                ro code  0x000039f0   0x248  MK60_uart.o [1]
  .text                ro code  0x00003c38    0x9c  VCAN_key.o [1]
  .text                ro code  0x00003cd4   0x47c  MK60_ftm.o [1]
  Veneer               ro code  0x00004150     0x8  - Linker created -
  .text                ro code  0x00004158   0x3d4  MK60_mcg.o [1]
  .text                ro code  0x0000452c   0x362  VCAN_SCCB.o [1]
  .text                ro code  0x00004890   0x244  MK60_dma.o [1]
  .text                ro code  0x00004ad4   0x234  VCAN_OV7725_Eagle.o [1]
  CodeRelocate                  0x00004d08   0x1f0  <Block>
    Initializer bytes  const    0x00004d08   0x1f0  <for CodeRelocateRam-1>
  .text                ro code  0x00004ef8   0x18c  control.o [1]
  .text                ro code  0x00005084    0x32  I32ToFlt.o [4]
  .text                ro code  0x000050b8    0xd8  FltMul.o [4]
  .text                ro code  0x00005190    0x44  FltToS32.o [4]
  .text                ro code  0x000051d4    0x84  FltAdd.o [4]
  .text                ro code  0x00005258    0xd6  FltSub.o [4]
  .text                ro code  0x00005330   0x158  system_MK60DZ10.o [1]
  .text                ro code  0x00005488    0x40  MK60_wdog.o [1]
  .text                ro code  0x000054c8    0xdc  system.o [1]
  .text                ro code  0x000055a4    0x50  misc.o [1]
  .text                ro code  0x000055f4    0x68  peripheral.o [1]
  .text                ro code  0x0000565c   0x13c  PositionControl.o [1]
  .text                ro code  0x00005798   0x108  check.o [1]
  .text                ro code  0x000058a0    0x3c  MK60_lptmr.o [1]
  .text                ro code  0x000058dc    0x94  VCAN_camera.o [1]
  .rodata              const    0x00005970    0x98  OLED.o [1]
  .rodata              const    0x00005a08    0x5c  MK60_SysTick.o [1]
  .rodata              const    0x00005a64    0x58  MK60_dma.o [1]
  .rodata              const    0x00005abc    0x58  MK60_flash.o [1]
  .rodata              const    0x00005b14    0x58  MK60_ftm.o [1]
  .rodata              const    0x00005b6c    0x58  MK60_gpio.o [1]
  .rodata              const    0x00005bc4    0x58  MK60_uart.o [1]
  .rodata              const    0x00005c1c    0x54  misc.o [1]
  .text                ro code  0x00005c70    0x40  zero_init3.o [5]
  .rodata              const    0x00005cb0    0x3c  MK60_conf.o [1]
  .text                ro code  0x00005cec    0x28  data_init.o [5]
  .rodata              const    0x00005d14    0x24  MK60_conf.o [1]
  .rodata              const    0x00005d38    0x24  VCAN_OV7725_Eagle.o [1]
  .rodata              const    0x00005d5c    0x24  VCAN_OV7725_Eagle.o [1]
  .iar.init_table      const    0x00005d80    0x10  - Linker created -
  .rodata              const    0x00005d90    0x20  MK60_conf.o [1]
  .rodata              const    0x00005db0    0x20  VCAN_OV7725_Eagle.o [1]
  .text                ro code  0x00005dd0    0x1a  cmain.o [5]
  .text                ro code  0x00005dea     0x4  low_level_init.o [3]
  .text                ro code  0x00005dee     0x4  exit.o [3]
  .text                ro code  0x00005df4     0xa  cexit.o [5]
  .text                ro code  0x00005e00     0xc  XXexit.o [5]
  .rodata              const    0x00005e0c    0x18  VCAN_OV7725_Eagle.o [1]
  .rodata              const    0x00005e24    0x18  VCAN_OV7725_Eagle.o [1]
  .text                ro code  0x00005e3c    0x16  xprout.o [3]
  .text                ro code  0x00005e54     0xc  putchar.o [3]
  .rodata              const    0x00005e60    0x14  MK60_conf.o [1]
  .rodata              const    0x00005e74    0x14  peripheral.o [1]
  .rodata              const    0x00005e88    0x14  system.o [1]
  .rodata              const    0x00005e9c    0x14  VCAN_OV7725_Eagle.o [1]
  .rodata              const    0x00005eb0     0xc  peripheral.o [1]
  .text                ro code  0x00005ebc     0xc  cstartup_M.o [5]
  .rodata              const    0x00005ec8     0x8  peripheral.o [1]
  .rodata              const    0x00005ed0     0x8  peripheral.o [1]
  .rodata              const    0x00005ed8     0x0  zero_init3.o [5]
  Initializer bytes    const    0x00005ed8    0x88  <for P2 s0>
                              - 0x00005f60  0x5b48

"P2", part 1 of 3:                           0xa58
  .data                         0x1fff0410   0x868  <Block>
    .data-1                     0x1fff0410   0x866  <Init block>
      .data            inited   0x1fff0410   0x708  MK60_conf.o [1]
      .data            inited   0x1fff0b18    0x10  MK60_ftm.o [1]
      .data            inited   0x1fff0b28    0x14  MK60_gpio.o [1]
      .data            inited   0x1fff0b3c    0x58  MK60_mcg.o [1]
      .data            inited   0x1fff0b94     0x4  MK60_mcg.o [1]
      .data            inited   0x1fff0b98    0x14  MK60_port.o [1]
      .data            inited   0x1fff0bac    0x18  MK60_uart.o [1]
      .data            inited   0x1fff0bc4     0x8  VCAN_key.o [1]
      .data            inited   0x1fff0bcc     0x4  VCAN_LED.o [1]
      .data            inited   0x1fff0bd0    0x64  VCAN_OV7725_Eagle.o [1]
      .data            inited   0x1fff0c34    0x40  xfiles.o [3]
      .data            inited   0x1fff0c74     0x1  VCAN_OV7725_Eagle.o [1]
      .data            inited   0x1fff0c75     0x1  VCAN_OV7725_Eagle.o [1]
  CodeRelocateRam               0x1fff0c78   0x1f0  <Block>
    CodeRelocateRam-1           0x1fff0c78   0x1f0  <Init block>
      Veneer           inited   0x1fff0c78     0x8  - Linker created -
      Veneer           inited   0x1fff0c80     0x8  - Linker created -
      .textrw          inited   0x1fff0c88   0x190  MK60_flash.o [1]
      .textrw          inited   0x1fff0e18    0x50  MK60_mcg.o [1]
                              - 0x1fff0e68   0xa58

"P2", part 2 of 3:                          0x1600
  .bss                          0x1fff0e68  0x1600  <Block>
    .bss               zero     0x1fff0e68   0x258  data.o [1]
    .bss               zero     0x1fff10c0  0x12c0  data.o [1]
    .bss               zero     0x1fff2380     0x4  data.o [1]
    .bss               zero     0x1fff2384    0x14  data.o [1]
    .bss               zero     0x1fff2398    0x14  data.o [1]
    .bss               zero     0x1fff23ac     0x8  data.o [1]
    .bss               zero     0x1fff23b4     0x4  data.o [1]
    .bss               zero     0x1fff23b8    0x38  data.o [1]
    .bss               zero     0x1fff23f0    0x10  MK60_ftm.o [1]
    .bss               zero     0x1fff2400     0x4  PositionControl.o [1]
    .bss               zero     0x1fff2404     0x4  system_MK60DZ10.o [1]
    .bss               zero     0x1fff2408     0x4  system_MK60DZ10.o [1]
    .bss               zero     0x1fff240c     0x4  system_MK60DZ10.o [1]
    .bss               zero     0x1fff2410     0x4  VCAN_OV7725_Eagle.o [1]
    .bss               zero     0x1fff2414    0x50  xfiles.o [3]
    .bss               zero     0x1fff2464     0x1  PositionControl.o [1]
                              - 0x1fff2468  0x1600

"P2", part 3 of 3:                            0x88
  P2 s0                         0x1fff2468    0x88  <Init block>
    __DLIB_PERTHREAD   inited   0x1fff2468    0x88  localeconv.o [3]
                              - 0x1fff24f0    0x88


*******************************************************************************
*** INIT TABLE
***

          Address     Size
          -------     ----
Zero (__iar_zero_init3)
    1 destination range, total size 0x15fd:
          0x1fff0e68  0x15fd



*******************************************************************************
*** MODULE SUMMARY
***

    Module                 ro code  rw code  ro data  rw data
    ------                 -------  -------  -------  -------
D:\m1899\Documents\项目与比赛\2017电子设计大赛\板球系统\控制程序\Prj\IAR\FN15_Debug\Obj: [1]
    MK60_SysTick.o             100                92
    MK60_conf.o                324             1 948    1 800
    MK60_dma.o                 580                88
    MK60_flash.o                        400      488
    MK60_ftm.o               1 148               104       32
    MK60_gpio.o                412               108       20
    MK60_lptmr.o                60
    MK60_mcg.o                 980       80      172       92
    MK60_port.o                184                20       20
    MK60_uart.o                584               112       24
    MK60_wdog.o                 64
    OLED.o                   1 204             3 772
    PositionControl.o          316                          5
    VCAN_LED.o                 172                 4        4
    VCAN_OV7725_Eagle.o        564               274      106
    VCAN_SCCB.o                866
    VCAN_camera.o              148                 2
    VCAN_key.o                 156                 8        8
    check.o                    264
    control.o                  396
    data.o                                              5 512
    misc.o                      80                84
    peripheral.o               104                48
    startup_MK60DZ10.o           8
    system.o                   220                20
    system_MK60DZ10.o          344                         12
    vectors.o                                  1 040
    ---------------------------------------------------------
    Total:                   9 278      480    8 384    7 635

command line: [2]
    ---------------------------------------------------------
    Total:

dl7M_tlf.a: [3]
    div.o                       14
    exit.o                       4
    localeconv.o               108               136      136
    low_level_init.o             4
    printf.o                    36
    putchar.o                   12
    xfiles.o                                      64      144
    xprintflarge_nomb.o      3 098
    xprout.o                    22
    xtls.o                       2
    ---------------------------------------------------------
    Total:                   3 300               200      280

m7M_tl.a: [4]
    DblAdd.o                   212
    DblCmpLe.o                  46
    DblDiv.o                   598
    DblMul.o                   418
    DblSub.o                   384
    DblToI32.o                  44
    FltAdd.o                   132
    FltMul.o                   216
    FltSub.o                   214
    FltToS32.o                  68
    I32ToDbl.o                  28
    I32ToFlt.o                  50
    xdnorm.o                    68
    ---------------------------------------------------------
    Total:                   2 478

rt7M_tl.a: [5]
    ABImemcpy_unaligned.o      118
    I64DivMod.o                238
    I64DivZer.o                  2
    XXexit.o                    12
    cexit.o                     10
    cmain.o                     26
    cstartup_M.o                12
    data_init.o                 40
    memchr.o                    88
    strchr.o                    22
    strlen.o                    54
    zero_init3.o                64
    ---------------------------------------------------------
    Total:                     686

    Gaps                        30
    Linker created              24       16       34
-------------------------------------------------------------
    Grand Total:            15 796      496    8 618    7 915


*******************************************************************************
*** ENTRY LIST
***

Entry                      Address    Size  Type      Object
-----                      -------    ----  ----      ------
.bss$$Base              0x1fff0e68           --   Gb  - Linker created -
.bss$$Limit             0x1fff2468           --   Gb  - Linker created -
.data$$Base             0x1fff0410           --   Gb  - Linker created -
.data$$Limit            0x1fff0c78           --   Gb  - Linker created -
.data_init$$Base        0x000019d4           --   Gb  - Linker created -
.data_init$$Limit       0x0000223c           --   Gb  - Linker created -
.iar.init_table$$Base   0x00005d80           --   Gb  - Linker created -
.iar.init_table$$Limit  0x00005d90           --   Gb  - Linker created -
?main                   0x00005dd1          Code  Gb  cmain.o [5]
ASSERT_FAILED_STR       0x00005d14    0x24  Data  Gb  MK60_conf.o [1]
AimPosition             0x1fff2384    0x14  Data  Gb  data.o [1]
AtPosition              0x000056a5    0x62  Code  Gb  PositionControl.o [1]
AtPosition::counter     0x1fff2464     0x1  Data  Lc  PositionControl.o [1]
CalculatePosition       0x0000567b    0x2a  Code  Gb  PositionControl.o [1]
CheckInit               0x000057cb    0x1a  Code  Gb  check.o [1]
CodeRelocate$$Base      0x00004d08           --   Gb  - Linker created -
CodeRelocate$$Limit     0x00004ef8           --   Gb  - Linker created -
CodeRelocateRam$$Base   0x1fff0c78           --   Gb  - Linker created -
CodeRelocateRam$$Limit  0x1fff0e68           --   Gb  - Linker created -
ControlInit             0x00004f43    0x20  Code  Gb  control.o [1]
ControlOut              0x00005015    0x64  Code  Gb  control.o [1]
CurrentAimPosition      0x1fff2380     0x4  Data  Gb  data.o [1]
CurrentPath             0x1fff23b4     0x4  Data  Gb  data.o [1]
DMA0_IRQHandler         0x000057c3     0x8  Code  Gb  check.o [1]
F14x16                  0x0000223c   0x834  Data  Gb  OLED.o [1]
F14x16_Idx              0x00005970    0x98  Data  Gb  OLED.o [1]
F8X16                   0x00002a70   0x5f0  Data  Gb  OLED.o [1]
FTMN                    0x1fff0b18    0x10  Data  Gb  MK60_ftm.o [1]
FTM_port_mux            0x00003cd5   0x1ac  Code  Lc  MK60_ftm.o [1]
GPIOX                   0x1fff0b28    0x14  Data  Gb  MK60_gpio.o [1]
GetDeta                 0x000057e5    0x14  Code  Gb  check.o [1]
GetPosition             0x000057f9    0x90  Code  Gb  check.o [1]
GetSystemReady          0x00005527    0x1a  Code  Gb  system.o [1]
Init_Key                0x000055f5    0x2c  Code  Gb  peripheral.o [1]
KEY_PTxn                0x1fff0bc4     0x8  Data  Gb  VCAN_key.o [1]
LED_PTxn                0x1fff0bcc     0x4  Data  Gb  VCAN_LED.o [1]
LoadInt                 0x000009b3    0x6e  Code  Lc  xprintflarge_nomb.o [3]
MainBall                0x1fff23ac     0x8  Data  Gb  data.o [1]
MainLoop                0x0000555d    0x2c  Code  Gb  system.o [1]
NVIC_DisableIRQ         0x000054dd    0x14  Code  Lc  system.o [1]
NVIC_DisableIRQ         0x00004ae9    0x14  Code  Lc  VCAN_OV7725_Eagle.o [1]
NVIC_EnableIRQ          0x000054c9    0x14  Code  Lc  system.o [1]
NVIC_EnableIRQ          0x00004ad5    0x14  Code  Lc  VCAN_OV7725_Eagle.o [1]
NVIC_SystemReset        0x00003779    0x1a  Code  Lc  MK60_conf.o [1]
OLED_CLS                0x0000316d    0x3c  Code  Gb  OLED.o [1]
OLED_DLY_ms             0x000031a9    0x18  Code  Gb  OLED.o [1]
OLED_Fill               0x0000312d    0x40  Code  Gb  OLED.o [1]
OLED_Init               0x000031c1    0xf8  Code  Gb  OLED.o [1]
OLED_Interface          0x00005621    0x2c  Code  Gb  peripheral.o [1]
OLED_P14x16Str          0x00003367   0x134  Code  Gb  OLED.o [1]
OLED_P8x16Str           0x000032b9    0xae  Code  Gb  OLED.o [1]
OLED_Print              0x0000349b    0x6c  Code  Gb  OLED.o [1]
OLED_Set_Pos            0x00003103    0x2a  Code  Gb  OLED.o [1]
OLED_WrCmd              0x000030b5    0x4e  Code  Gb  OLED.o [1]
OLED_WrDat              0x00003061    0x52  Code  Gb  OLED.o [1]
PIDControl              0x00004f63    0xb2  Code  Gb  control.o [1]
PIDInit                 0x00004ef9    0x4a  Code  Gb  control.o [1]
PORTA_IRQHandler        0x00005799    0x2a  Code  Gb  check.o [1]
PORTX                   0x1fff0b98    0x14  Data  Gb  MK60_port.o [1]
PathInit                0x0000565d    0x1e  Code  Gb  PositionControl.o [1]
Region$$Table$$Base     0x00005d80           --   Gb  - Linker created -
Region$$Table$$Limit    0x00005d90           --   Gb  - Linker created -
Reset_Handler           0x00000411          Code  Gb  startup_MK60DZ10.o [1]
SCCB_Ack                0x00004601    0x3c  Code  Lc  VCAN_SCCB.o [1]
SCCB_GPIO_init          0x00004547    0x28  Code  Gb  VCAN_SCCB.o [1]
SCCB_NoAck              0x0000463d    0x3c  Code  Lc  VCAN_SCCB.o [1]
SCCB_ReadByte           0x000047dd    0x2c  Code  Gb  VCAN_SCCB.o [1]
SCCB_ReadByte_one       0x00004809    0x86  Code  Lc  VCAN_SCCB.o [1]
SCCB_ReceiveByte        0x00004709    0x54  Code  Lc  VCAN_SCCB.o [1]
SCCB_SendByte           0x000046c5    0x44  Code  Lc  VCAN_SCCB.o [1]
SCCB_Start              0x0000456f    0x5e  Code  Lc  VCAN_SCCB.o [1]
SCCB_Stop               0x000045cd    0x34  Code  Lc  VCAN_SCCB.o [1]
SCCB_WaitAck            0x00004679    0x4c  Code  Lc  VCAN_SCCB.o [1]
SCCB_WriteByte          0x0000476d    0x28  Code  Gb  VCAN_SCCB.o [1]
SCCB_WriteByte_one      0x00004795    0x48  Code  Lc  VCAN_SCCB.o [1]
SCCB_delay              0x0000452d    0x1a  Code  Lc  VCAN_SCCB.o [1]
ServoBase               0x1fff23b8    0x38  Data  Gb  data.o [1]
SetAimPosition          0x00005707    0x70  Code  Gb  PositionControl.o [1]
SetAimPosition::flag    0x1fff2400     0x4  Data  Lc  PositionControl.o [1]
SystemInit              0x000054f1    0x36  Code  Gb  system.o [1]
SystemUpdate            0x00005541    0x1a  Code  Gb  system.o [1]
UARTN                   0x1fff0bac    0x18  Data  Gb  MK60_uart.o [1]
_GenldLargeNoMb         0x00000dab   0x23e  Code  Lc  xprintflarge_nomb.o [3]
_LdtobLargeNoMb         0x00000b2d   0x278  Code  Lc  xprintflarge_nomb.o [3]
_LitobLargeNoMb         0x00000a21   0x10a  Code  Lc  xprintflarge_nomb.o [3]
_Locale_aeabi_lconv     0x1fff24b8    0x38  Data  Gb  localeconv.o [3]
_Locale_lconv           0x1fff2468    0x50  Data  Gb  localeconv.o [3]
_PrintfLargeNoMb        0x00000419   0x594  Code  Gb  xprintflarge_nomb.o [3]
_Prout                  0x00005e3d    0x16  Code  Gb  xprout.o [3]
_PutcharsLargeNoMb      0x00000fe9    0x2e  Code  Lc  xprintflarge_nomb.o [3]
__BOOT_STACK_ADDRESS {Abs}
                        0x2000fff8          Data  Gb  command line/config [2]
__VECTOR_RAM {Abs}      0x1fff0000          Data  Gb  command line/config [2]
__VECTOR_TABLE {Abs}    0x00000000          Data  Gb  command line/config [2]
__aeabi_cdcmple         0x00001289          Code  Gb  DblCmpLe.o [4]
__aeabi_d2uiz           0x000016b5          Code  Gb  DblToI32.o [4]
__aeabi_ddiv            0x0000145d          Code  Gb  DblDiv.o [4]
__aeabi_dmul            0x000012b9          Code  Gb  DblMul.o [4]
__aeabi_dsub            0x000016fd          Code  Gb  DblSub.o [4]
__aeabi_f2iz            0x00005191          Code  Gb  FltToS32.o [4]
__aeabi_fadd            0x000051d5          Code  Gb  FltAdd.o [4]
__aeabi_fmul            0x000050b9          Code  Gb  FltMul.o [4]
__aeabi_i2f             0x00005085          Code  Gb  I32ToFlt.o [4]
__aeabi_ldiv0           0x000018f9          Code  Gb  I64DivZer.o [5]
__aeabi_ui2d            0x000016e1          Code  Gb  I32ToDbl.o [4]
__aeabi_ui2f            0x00005099          Code  Gb  I32ToFlt.o [4]
__aeabi_uldivmod        0x000010dd          Code  Gb  I64DivMod.o [5]
__cmain                 0x00005dd1          Code  Gb  cmain.o [5]
__code_start__ {Abs}    0x00000410          Data  Gb  command line/config [2]
__exit                  0x00005e01          Code  Gb  XXexit.o [5]
__iar_Dnorm             0x00001243    0x44  Code  Gb  xdnorm.o [4]
__iar_Locale_lconv_init
                        0x0000187d    0x3a  Code  Gb  localeconv.o [3]
__iar_Memchr            0x00001085          Code  Gb  memchr.o [5]
__iar_Stdout            0x1fff0c34    0x40  Data  Gb  xfiles.o [3]
__iar_Strchr            0x00001035          Code  Gb  strchr.o [5]
__iar_d2uiz             0x000016c1          Code  Gb  DblToI32.o [4]
__iar_dadd              0x000018fd          Code  Gb  DblAdd.o [4]
__iar_data_init3        0x00005ced    0x28  Code  Gb  data_init.o [5]
__iar_dlib_perthread_access
                        0x000019d1     0x2  Code  Gb  xtls.o [3]
__iar_dsub              0x00001711          Code  Gb  DblSub.o [4]
__iar_dsubStart         0x00001723          Code  Gb  DblSub.o [4]
__iar_fadd              0x000051e5          Code  Gb  FltAdd.o [4]
__iar_fsub              0x00005259          Code  Gb  FltSub.o [4]
__iar_fsubStart         0x00005269          Code  Gb  FltSub.o [4]
__iar_program_start     0x00005ebd          Code  Gb  cstartup_M.o [5]
__iar_ui2d              0x000016e5          Code  Gb  I32ToDbl.o [4]
__iar_ui2f              0x0000509d          Code  Gb  I32ToFlt.o [4]
__iar_unaligned___aeabi_memcpy
                        0x000011cd          Code  Gb  ABImemcpy_unaligned.o [5]
__iar_unaligned___aeabi_memcpy4
                        0x000011ed          Code  Gb  ABImemcpy_unaligned.o [5]
__iar_unaligned___aeabi_memcpy8
                        0x000011ed          Code  Gb  ABImemcpy_unaligned.o [5]
__iar_zero_init3        0x00005c71    0x40  Code  Gb  zero_init3.o [5]
__low_level_init        0x00005deb     0x4  Code  Gb  low_level_init.o [3]
__vector_table          0x00000000   0x410  Data  Gb  vectors.o [1]
_call_main              0x00005ddd          Code  Gb  cmain.o [5]
_exit                   0x00005df5          Code  Gb  cexit.o [5]
_main                   0x00005de7          Code  Gb  cmain.o [5]
assert_failed           0x00003793    0x26  Code  Gb  MK60_conf.o [1]
bus_clk_khz             0x1fff240c     0x4  Data  Gb  system_MK60DZ10.o [1]
common_startup          0x000053b3    0x98  Code  Gb  system_MK60DZ10.o [1]
core_clk_khz            0x1fff2404     0x4  Data  Gb  system_MK60DZ10.o [1]
core_clk_mhz            0x1fff2408     0x4  Data  Gb  system_MK60DZ10.o [1]
default_isr             0x00003867    0x34  Code  Gb  MK60_conf.o [1]
div                     0x000018e9     0xe  Code  Gb  div.o [3]
dma_gpio_input_init     0x00004891    0x60  Code  Lc  MK60_dma.o [1]
dma_portx2buff_init     0x000048f1   0x1b0  Code  Gb  MK60_dma.o [1]
exit                    0x00005def     0x4  Code  Gb  exit.o [3]
flash_cmd               0x1fff0c89    0x20  Code  Gb  MK60_flash.o [1]
flash_erase_sector      0x1fff0ccd    0x5c  Code  Gb  MK60_flash.o [1]
flash_init              0x1fff0ca9    0x24  Code  Gb  MK60_flash.o [1]
flash_write             0x1fff0d29    0xb4  Code  Gb  MK60_flash.o [1]
fputc                   0x000037b9    0x14  Code  Gb  MK60_conf.o [1]
ftm_mod                 0x1fff23f0    0x10  Data  Lc  MK60_ftm.o [1]
ftm_pwm_duty            0x0000402b   0x10e  Code  Gb  MK60_ftm.o [1]
ftm_pwm_init            0x00003e81   0x1aa  Code  Gb  MK60_ftm.o [1]
gpio_get                0x0000366d    0x3a  Code  Gb  MK60_gpio.o [1]
gpio_init               0x00003515    0xae  Code  Gb  MK60_gpio.o [1]
gpio_set                0x000035c3    0x72  Code  Gb  MK60_gpio.o [1]
gpio_turn               0x00003635    0x38  Code  Gb  MK60_gpio.o [1]
img                     0x1fff10c0  0x12c0  Data  Gb  data.o [1]
img_extract             0x000058dd    0x94  Code  Gb  VCAN_camera.o [1]
imgbuff                 0x1fff0e68   0x258  Data  Gb  data.o [1]
key_check               0x00003ca5    0x2a  Code  Gb  VCAN_key.o [1]
key_get                 0x00003c8b    0x1a  Code  Gb  VCAN_key.o [1]
key_init                0x00003c39    0x52  Code  Gb  VCAN_key.o [1]
led                     0x000038f7    0x3c  Code  Gb  VCAN_LED.o [1]
led_init                0x000038bd    0x3a  Code  Gb  VCAN_LED.o [1]
led_turn                0x00003933    0x32  Code  Gb  VCAN_LED.o [1]
localeconv              0x000018b7    0x16  Code  Gb  localeconv.o [3]
lptmr_timing_ms         0x000058a1    0x2c  Code  Gb  MK60_lptmr.o [1]
main                    0x00005331     0x2  Code  Gb  system_MK60DZ10.o [1]
mcg_cfg                 0x1fff0b3c    0x58  Data  Gb  MK60_mcg.o [1]
mcg_div                 0x1fff0b94     0x4  Data  Gb  MK60_mcg.o [1]
mcg_div_count           0x00004159   0x304  Code  Gb  MK60_mcg.o [1]
memchr                  0x00001085          Code  Gb  memchr.o [5]
obuf                    0x1fff2414    0x50  Data  Lc  xfiles.o [3]
ov7725_eagle_cfgnum     0x1fff0c75     0x1  Data  Gb  VCAN_OV7725_Eagle.o [1]
ov7725_eagle_dma        0x00004bb5    0x14  Code  Gb  VCAN_OV7725_Eagle.o [1]
ov7725_eagle_get_img    0x00004bc9    0x42  Code  Gb  VCAN_OV7725_Eagle.o [1]
ov7725_eagle_img_buff   0x1fff2410     0x4  Data  Gb  VCAN_OV7725_Eagle.o [1]
ov7725_eagle_img_flag   0x1fff0c74     0x1  Data  Gb  VCAN_OV7725_Eagle.o [1]
ov7725_eagle_init       0x00004afd    0x18  Code  Gb  VCAN_OV7725_Eagle.o [1]
ov7725_eagle_port_init  0x00004b15    0x54  Code  Lc  VCAN_OV7725_Eagle.o [1]
ov7725_eagle_reg        0x1fff0bd0    0x64  Data  Gb  VCAN_OV7725_Eagle.o [1]
ov7725_eagle_reg_init   0x00004c0b    0xb2  Code  Lc  VCAN_OV7725_Eagle.o [1]
ov7725_eagle_vsync      0x00004b69    0x4c  Code  Gb  VCAN_OV7725_Eagle.o [1]
path                    0x1fff2398    0x14  Data  Gb  data.o [1]
pll_init                0x0000445d    0xb2  Code  Gb  MK60_mcg.o [1]
port_init               0x000036b1    0x48  Code  Gb  MK60_port.o [1]
port_init_NoALT         0x000036f9    0x66  Code  Gb  MK60_port.o [1]
printf                  0x00003969    0x24  Code  Gb  printf.o [3]
putchar                 0x00005e55     0xc  Code  Gb  putchar.o [3]
set_sys_dividers        0x1fff0e19    0x50  Code  Gb  MK60_mcg.o [1]
set_vector_handler      0x000055c7    0x22  Code  Gb  misc.o [1]
start                   0x00005333    0x44  Code  Gb  system_MK60DZ10.o [1]
start_check             0x000037cd    0x9a  Code  Gb  MK60_conf.o [1]
strchr                  0x00001035          Code  Gb  strchr.o [5]
strlen                  0x0000104d          Code  Gb  strlen.o [5]
sysinit                 0x00005377    0x3c  Code  Gb  system_MK60DZ10.o [1]
systick_delay           0x0000398d    0x36  Code  Gb  MK60_SysTick.o [1]
systick_delay_ms        0x000039c3    0x18  Code  Gb  MK60_SysTick.o [1]
uart_init               0x000039f1   0x214  Code  Gb  MK60_uart.o [1]
uart_putchar            0x00003c05    0x1a  Code  Gb  MK60_uart.o [1]
vector_str              0x1fff0410   0x708  Data  Gb  MK60_conf.o [1]
wdog_disable            0x00005489    0x16  Code  Gb  MK60_wdog.o [1]
wdog_unlock             0x0000549f    0x20  Code  Lc  MK60_wdog.o [1]
write_vtor              0x000055a5    0x22  Code  Gb  misc.o [1]


[1] = D:\m1899\Documents\项目与比赛\2017电子设计大赛\板球系统\控制程序\Prj\IAR\FN15_Debug\Obj
[2] = command line
[3] = dl7M_tlf.a
[4] = m7M_tl.a
[5] = rt7M_tl.a

  15 796 bytes of readonly  code memory
     496 bytes of readwrite code memory
   8 618 bytes of readonly  data memory
   7 915 bytes of readwrite data memory

Errors: none
Warnings: none
